// Jest Snapshot v1, https://goo.gl/fbAQLP

exports[`pruebas en search hero should show default values 1`] = `
<div>
  <h1>
    Search
  </h1>
  <hr />
  <div
    class="row"
  >
    <div
      class="col-5"
    >
      <h4>
        Searching
      </h4>
      <hr />
      <form
        aria-label="form"
      >
        <input
          autocomplete="off"
          class="form-control"
          name="searchText"
          placeholder="Search a hero"
          type="text"
          value=""
        />
        <button
          class="btn btn-outline-primary mt-1"
        >
          Seach
        </button>
      </form>
    </div>
    <div
      class="col-7"
    >
      <h4>
        Result
      </h4>
      <hr />
      <div
        class="alert alert-danger"
      >
        No hero with 
        <b />
      </div>
    </div>
  </div>
</div>
`;
